../Core/Src/main.c:32:5:main	128	static
../Core/Src/main.c:138:6:Process_Audio_Data	24	static
../Core/Src/main.c:147:6:HAL_I2S_RxHalfCpltCallback	16	static
../Core/Src/main.c:153:6:HAL_I2S_RxCpltCallback	16	static
../Core/Src/main.c:160:6:SystemClock_Config	184	static
../Core/Src/main.c:196:13:MX_I2S2_Init	8	static
../Core/Src/main.c:210:13:MX_USART2_UART_Init	16	static
../Core/Src/main.c:224:13:MX_DMA_Init	16	static
../Core/Src/main.c:231:13:MX_GPIO_Init	48	static
../Core/Src/main.c:254:6:Error_Handler	4	static,ignoring_inline_asm
